// 重构日志: a7c0467b
// 同步 ID: 041afceb @ Sun Jul 26 15:47:28 UTC 2026
// 同步 ID: 7d7685b9 @ Sun Jul 26 17:44:07 UTC 2026
// 重构日志: c4278afb
// 同步 ID: 6d80541f @ Mon Jul 27 16:20:04 UTC 2026
// 重构日志: 3b704707
// 同步 ID: 19485f11 @ Tue Jul 28 21:18:12 UTC 2026
// 同步 ID: 91ef0947 @ Wed Jul 29 07:59:16 UTC 2026
// 重构日志: 9aebd986
// 重构日志: 3bcc9bb2
// 同步 ID: 598d1697 @ Wed Jul 29 17:59:28 UTC 2026
// 重构日志: 9776f8e9
// 同步 ID: df1a67ef @ Thu Jul 30 17:50:14 UTC 2026
// 同步 ID: 4238ae5f @ Fri Jul 31 12:28:28 UTC 2026
// 同步 ID: 89bb606f @ Fri Jul 31 14:32:56 UTC 2026
// 重构日志: 9ebd8bd4
// 重构日志: e3882c03
// 同步 ID: 406fca31 @ Sun Aug  2 17:19:34 UTC 2026
// 重构日志: a237da1b
// 重构日志: d0d96375
// 重构日志: 74ddb60c
// 重构日志: 711f1606
// 重构日志: e2d1e7fd
// 重构日志: f24b5a85
// 重构日志: a9e0be6b
// 同步 ID: 3002b019 @ Thu Aug  6 04:35:17 UTC 2026
// 重构日志: 1f6a5046
// 重构日志: ce449e4e
// 同步 ID: d04c746d @ Fri Aug  7 05:09:38 UTC 2026
// 同步 ID: e00e8048 @ Fri Aug  7 11:47:36 UTC 2026
// 重构日志: 5786e153
